// Jest Snapshot v1, https://goo.gl/fbAQLP

exports[`Country card component Matches the snapshot 1`] = `ShallowWrapper {}`;
